backend/venv/Lib/site-packages/django/views/templates/i18n_catalog.js(1,2): error TS1109: Expression expected.
backend/venv/Lib/site-packages/django/views/templates/i18n_catalog.js(1,15): error TS1005: ';' expected.
backend/venv/Lib/site-packages/django/views/templates/i18n_catalog.js(1,20): error TS1109: Expression expected.
backend/venv/Lib/site-packages/django/views/templates/i18n_catalog.js(7,4): error TS1109: Expression expected.
backend/venv/Lib/site-packages/django/views/templates/i18n_catalog.js(7,6): error TS1109: Expression expected.
backend/venv/Lib/site-packages/django/views/templates/i18n_catalog.js(7,9): error TS1005: '(' expected.
backend/venv/Lib/site-packages/django/views/templates/i18n_catalog.js(7,17): error TS1109: Expression expected.
backend/venv/Lib/site-packages/django/views/templates/i18n_catalog.js(9,16): error TS1136: Property assignment expected.
backend/venv/Lib/site-packages/django/views/templates/i18n_catalog.js(16,4): error TS1109: Expression expected.
backend/venv/Lib/site-packages/django/views/templates/i18n_catalog.js(16,6): error TS1109: Expression expected.
backend/venv/Lib/site-packages/django/views/templates/i18n_catalog.js(16,11): error TS1109: Expression expected.
backend/venv/Lib/site-packages/django/views/templates/i18n_catalog.js(16,12): error TS1109: Expression expected.
backend/venv/Lib/site-packages/django/views/templates/i18n_catalog.js(18,4): error TS1109: Expression expected.
backend/venv/Lib/site-packages/django/views/templates/i18n_catalog.js(18,13): error TS1109: Expression expected.
backend/venv/Lib/site-packages/django/views/templates/i18n_catalog.js(23,4): error TS1109: Expression expected.
backend/venv/Lib/site-packages/django/views/templates/i18n_catalog.js(23,6): error TS1109: Expression expected.
backend/venv/Lib/site-packages/django/views/templates/i18n_catalog.js(23,9): error TS1005: '(' expected.
backend/venv/Lib/site-packages/django/views/templates/i18n_catalog.js(23,22): error TS1109: Expression expected.
backend/venv/Lib/site-packages/django/views/templates/i18n_catalog.js(24,23): error TS1136: Property assignment expected.
backend/venv/Lib/site-packages/django/views/templates/i18n_catalog.js(24,38): error TS1128: Declaration or statement expected.
backend/venv/Lib/site-packages/django/views/templates/i18n_catalog.js(28,4): error TS1109: Expression expected.
backend/venv/Lib/site-packages/django/views/templates/i18n_catalog.js(28,13): error TS1109: Expression expected.
backend/venv/Lib/site-packages/django/views/templates/i18n_catalog.js(78,23): error TS1136: Property assignment expected.
backend/venv/Lib/site-packages/django/views/templates/i18n_catalog.js(100,3): error TS1128: Declaration or statement expected.
backend/venv/Lib/site-packages/django/views/templates/i18n_catalog.js(101,1): error TS1128: Declaration or statement expected.
backend/venv/Lib/site-packages/django/views/templates/i18n_catalog.js(102,2): error TS1109: Expression expected.
backend/venv/Lib/site-packages/django/views/templates/i18n_catalog.js(102,19): error TS1109: Expression expected.
